<?xml version='1.0' encoding='utf-8'?>
<widget version="1.1.0" xmlns="http://www.w3.org/ns/widgets">
    <name>pkg</name>
    <description>pkg-desc</description>
</widget>
